*** Warning: Absorption - Loss error messages are suppressed.
Working directory is:  /20260716_Simple_Slab_Example
/20260716_Simple_Slab_Example/../Python
['/20260716_Simple_Slab_Example', '/usr/lib/python313.zip', '/usr/lib/python3.13', '/usr/lib/python3.13/lib-dynload', '/venvs/LC_env_py3.13_dev/lib/python3.13/site-packages', '/20260601_3J_Concentrating_SC_Proj/20260716_Simple_Slab_Example/../Python', '/Python/tmm']
***
*** LCMatrix - Compute optical coupling between layers in a multilayer stack 
*** started at  2026-07-20 22:14:43.788444
***

*** Getting layer structure from  ./results/nodes/25/pp25_epi.cmd
   top 	 GaInP 	 0.05 um
   middle 	 GaAs 	 1.0 um
   base 	 GaInP 	 0.05 um
   substrate 	 GaAs 	 5.0 um

*** Adding additional layers to bottom of the stack
   back_mat_0 	 Ge 	 1.0 um

*** Getting additional material parameters
   top 	 GaInP Eg= 1.8167 eV Brad= 5e-12 wl_min= 0.2 wl_max= 2.0
   middle 	 GaAs Eg= 1.424 eV Brad= 1e-10 wl_min= 0.2067 wl_max= 2.0667
   base 	 GaInP Eg= 1.8167 eV Brad= 5e-12 wl_min= 0.2 wl_max= 2.0
   substrate 	 GaAs Eg= 1.424 eV Brad= 1e-10 wl_min= 0.2067 wl_max= 2.0667
   back_mat_0 	 Ge Eg= 1.424 eV Brad= 1e-10 wl_min= 0.2067 wl_max= 2.0667

*** All materials have nk data in the range:  [ 0.2067 to 2.0 ] um

*** Maximum emission wavelength: 0.8707623312800713    Minimum emission wavelength: 0.59750221768731

*** Finding unique y-coordinates in ./results/nodes/27/n27_msh.tdr
*Number of Plots 0
    top :  12  unique y-coords
    middle :  44  unique y-coords
    base :  14  unique y-coords
    substrate :  61  unique y-coords


*** Computing Optical Coupling:

*** Angles: 40 angles from 0.0 to 1.5707963267948966 (radians); integration method: linearly spaced, trapezoidal integration
* Processing layer substrate. 61 y-values.
* Processing layer middle. 44 y-values.
* Processing layer base. 14 y-values.
* Processing layer top. 12 y-values.
 middle       1/ 44       yA=0.05 Eff=0.9729 FrontLoss=0.0123 BackLoss=0.0004 Err=0.014403377935010231
 substrate    1/ 61       yA=1.1 Eff=0.9774 FrontLoss=0.0045 BackLoss=0.0007 Err=0.017436399763389288
 top          1/ 12       yA=-0.0 Eff=1.9256 FrontLoss=0.0138 BackLoss=0.0000 Err=-0.9394523399188814
 base         1/ 14       yA=1.05 Eff=0.9844 FrontLoss=0.0005 BackLoss=0.0000 Err=0.015030479671410135
 middle       2/ 44       yA=0.050634765624999994 Eff=0.9723 FrontLoss=0.0123 BackLoss=0.0004 Err=0.014974794739690434
 substrate    2/ 61       yA=1.10205078125 Eff=0.9774 FrontLoss=0.0045 BackLoss=0.0007 Err=0.017391937807050173
 top          2/ 12       yA=0.002978515625 Eff=0.9747 FrontLoss=0.0137 BackLoss=0.0000 Err=0.011590000111974752
 base         2/ 14       yA=1.0514160156249999 Eff=0.9840 FrontLoss=0.0005 BackLoss=0.0000 Err=0.015422476058396972
 middle       3/ 44       yA=0.05361328124999999 Eff=0.9722 FrontLoss=0.0123 BackLoss=0.0004 Err=0.01508548668326104
 substrate    3/ 61       yA=1.105029296875 Eff=0.9774 FrontLoss=0.0045 BackLoss=0.0007 Err=0.01745631808193948
 top          3/ 12       yA=0.00595703125 Eff=0.9749 FrontLoss=0.0136 BackLoss=0.0000 Err=0.011482290344002055
 base         3/ 14       yA=1.0543945312499998 Eff=0.9841 FrontLoss=0.0005 BackLoss=0.0000 Err=0.015346873905564884
 middle       4/ 44       yA=0.05659179687499999 Eff=0.9721 FrontLoss=0.0123 BackLoss=0.0004 Err=0.01520016532651558
 substrate    4/ 61       yA=1.1080078125 Eff=0.9773 FrontLoss=0.0044 BackLoss=0.0007 Err=0.017517799784622756
 top          4/ 12       yA=0.0119140625 Eff=0.9754 FrontLoss=0.0134 BackLoss=0.0000 Err=0.011260429029653185
 base         4/ 14       yA=1.057373046875 Eff=0.9842 FrontLoss=0.0005 BackLoss=0.0000 Err=0.015263156809365852
 middle       5/ 44       yA=0.05957031249999999 Eff=0.9720 FrontLoss=0.0123 BackLoss=0.0004 Err=0.015314167754090335
 substrate    5/ 61       yA=1.1139648437499998 Eff=0.9772 FrontLoss=0.0044 BackLoss=0.0007 Err=0.017633629155871855
 top          5/ 12       yA=0.017871093749999997 Eff=0.9758 FrontLoss=0.0132 BackLoss=0.0000 Err=0.011040551222245898
 base         5/ 14       yA=1.0603515625 Eff=0.9843 FrontLoss=0.0005 BackLoss=0.0000 Err=0.015172181809547602
 middle       6/ 44       yA=0.06552734375 Eff=0.9718 FrontLoss=0.0123 BackLoss=0.0004 Err=0.015530075808369181
 substrate    6/ 61       yA=1.1199218749999997 Eff=0.9771 FrontLoss=0.0044 BackLoss=0.0007 Err=0.017738623919996033
 top          6/ 12       yA=0.023828125 Eff=0.9761 FrontLoss=0.0130 BackLoss=0.0000 Err=0.010827860835874836
 base         6/ 14       yA=1.06630859375 Eff=0.9845 FrontLoss=0.0005 BackLoss=0.0000 Err=0.014971978176377854
 middle       7/ 44       yA=0.07148437499999999 Eff=0.9716 FrontLoss=0.0123 BackLoss=0.0004 Err=0.015724287480128663
 substrate    7/ 61       yA=1.1258789062499996 Eff=0.9771 FrontLoss=0.0043 BackLoss=0.0007 Err=0.017834779896304
 top          7/ 12       yA=0.029785156249999997 Eff=0.9764 FrontLoss=0.0129 BackLoss=0.0000 Err=0.010623417851122308
 base         7/ 14       yA=1.072265625 Eff=0.9847 FrontLoss=0.0005 BackLoss=0.0000 Err=0.014753191372781638
 middle       8/ 44       yA=0.07744140624999998 Eff=0.9714 FrontLoss=0.0122 BackLoss=0.0004 Err=0.01589754177326541
 substrate    8/ 61       yA=1.1318359374999998 Eff=0.9770 FrontLoss=0.0043 BackLoss=0.0007 Err=0.017922997016679987
 top          8/ 12       yA=0.035742187499999994 Eff=0.9767 FrontLoss=0.0129 BackLoss=0.0000 Err=0.010427383528391565
 middle       9/ 44       yA=0.08339843749999999 Eff=0.9713 FrontLoss=0.0122 BackLoss=0.0004 Err=0.016053976207692222
 base         8/ 14       yA=1.07822265625 Eff=0.9850 FrontLoss=0.0005 BackLoss=0.0000 Err=0.014521977387924156
 substrate    9/ 61       yA=1.1437499999999998 Eff=0.9769 FrontLoss=0.0043 BackLoss=0.0008 Err=0.01807855260947644
 middle      10/ 44       yA=0.0953125 Eff=0.9711 FrontLoss=0.0121 BackLoss=0.0004 Err=0.016324851060269596
 top          9/ 12       yA=0.041699218749999996 Eff=0.9770 FrontLoss=0.0128 BackLoss=0.0000 Err=0.010236511437611728
 base         9/ 14       yA=1.0841796874999998 Eff=0.9852 FrontLoss=0.0005 BackLoss=0.0000 Err=0.01428311860401732
 substrate   10/ 61       yA=1.1556640624999999 Eff=0.9768 FrontLoss=0.0042 BackLoss=0.0008 Err=0.018210484512647396
 middle      11/ 44       yA=0.10722656249999998 Eff=0.9711 FrontLoss=0.0119 BackLoss=0.0004 Err=0.016549822630714695
 top         10/ 12       yA=0.044677734375 Eff=0.9771 FrontLoss=0.0128 BackLoss=0.0000 Err=0.010141734901258692
 base        10/ 14       yA=1.0901367187499997 Eff=0.9854 FrontLoss=0.0005 BackLoss=0.0000 Err=0.014039532864283943
 substrate   11/ 61       yA=1.167578125 Eff=0.9767 FrontLoss=0.0042 BackLoss=0.0008 Err=0.01832383401255122
 middle      12/ 44       yA=0.11914062499999999 Eff=0.9712 FrontLoss=0.0117 BackLoss=0.0004 Err=0.01673938329637048
 top         11/ 12       yA=0.04765625 Eff=0.9772 FrontLoss=0.0128 BackLoss=0.0000 Err=0.010046681619747644
 base        11/ 14       yA=1.093115234375 Eff=0.9856 FrontLoss=0.0005 BackLoss=0.0000 Err=0.013916343495773642
 substrate   12/ 61       yA=1.1914062499999998 Eff=0.9766 FrontLoss=0.0041 BackLoss=0.0008 Err=0.01850683431559541
 middle      13/ 44       yA=0.14296874999999998 Eff=0.9713 FrontLoss=0.0112 BackLoss=0.0004 Err=0.017043440532249488
 top         12/ 12       yA=0.05 Eff=0.9752 FrontLoss=0.0127 BackLoss=0.0000 Err=0.012103188358186467
.
.
* Writing Output from top.  Total coupling efficiency: 1.0044
 base        12/ 14       yA=1.0960937499999999 Eff=0.9857 FrontLoss=0.0005 BackLoss=0.0000 Err=0.013792161501857914
 substrate   13/ 61       yA=1.2152343749999996 Eff=0.9765 FrontLoss=0.0040 BackLoss=0.0008 Err=0.018650811581606974
 middle      14/ 44       yA=0.16679687499999998 Eff=0.9714 FrontLoss=0.0109 BackLoss=0.0004 Err=0.017275056770399644
 base        13/ 14       yA=1.0990722656249998 Eff=0.9858 FrontLoss=0.0005 BackLoss=0.0000 Err=0.013666817404207832
 substrate   14/ 61       yA=1.2390624999999997 Eff=0.9765 FrontLoss=0.0039 BackLoss=0.0008 Err=0.01876955551060644
 middle      15/ 44       yA=0.190625 Eff=0.9713 FrontLoss=0.0109 BackLoss=0.0004 Err=0.017447037331922544
 base        14/ 14       yA=1.1 Eff=0.9856 FrontLoss=0.0005 BackLoss=0.0000 Err=0.013926736699071851
.
.
* Writing Output from base.  Total coupling efficiency: 0.9849
 substrate   15/ 61       yA=1.2628906249999998 Eff=0.9765 FrontLoss=0.0038 BackLoss=0.0008 Err=0.018870574697263942
 middle      16/ 44       yA=0.21445312499999997 Eff=0.9713 FrontLoss=0.0107 BackLoss=0.0004 Err=0.017580458522069797
 substrate   16/ 61       yA=1.28671875 Eff=0.9764 FrontLoss=0.0037 BackLoss=0.0009 Err=0.018959563362303422
 middle      17/ 44       yA=0.23828124999999997 Eff=0.9715 FrontLoss=0.0104 BackLoss=0.0004 Err=0.01770253992031734
 substrate   17/ 61       yA=1.3343749999999999 Eff=0.9764 FrontLoss=0.0036 BackLoss=0.0009 Err=0.01911181493021985
 middle      18/ 44       yA=0.28593749999999996 Eff=0.9719 FrontLoss=0.0097 BackLoss=0.0004 Err=0.017932584234979676
 substrate   18/ 61       yA=1.3820312499999998 Eff=0.9764 FrontLoss=0.0034 BackLoss=0.0009 Err=0.019237980574294822
 middle      19/ 44       yA=0.33359374999999997 Eff=0.9720 FrontLoss=0.0095 BackLoss=0.0004 Err=0.01806025894534735
 substrate   19/ 61       yA=1.4296875 Eff=0.9764 FrontLoss=0.0032 BackLoss=0.0010 Err=0.019335958631812367
 middle      20/ 44       yA=0.38125 Eff=0.9725 FrontLoss=0.0088 BackLoss=0.0005 Err=0.0181803057158636
 substrate   20/ 61       yA=1.47734375 Eff=0.9765 FrontLoss=0.0031 BackLoss=0.0010 Err=0.019419612224109817
 middle      21/ 44       yA=0.42890624999999993 Eff=0.9727 FrontLoss=0.0085 BackLoss=0.0005 Err=0.018266431862500765
 substrate   21/ 61       yA=1.525 Eff=0.9765 FrontLoss=0.0029 BackLoss=0.0011 Err=0.019495881517793467
 middle      22/ 44       yA=0.47656249999999994 Eff=0.9730 FrontLoss=0.0081 BackLoss=0.0005 Err=0.01834421804415176
 substrate   22/ 61       yA=1.6203124999999998 Eff=0.9765 FrontLoss=0.0027 BackLoss=0.0012 Err=0.019620800523102555
 middle      23/ 44       yA=0.5718749999999999 Eff=0.9735 FrontLoss=0.0074 BackLoss=0.0005 Err=0.018523401137044093
 substrate   23/ 61       yA=1.7156249999999997 Eff=0.9765 FrontLoss=0.0024 BackLoss=0.0013 Err=0.019720501940783564
 middle      24/ 44       yA=0.6671874999999999 Eff=0.9742 FrontLoss=0.0067 BackLoss=0.0005 Err=0.01852823029378281
 substrate   24/ 61       yA=1.8109374999999996 Eff=0.9765 FrontLoss=0.0022 BackLoss=0.0014 Err=0.019803753487796505
 middle      25/ 44       yA=0.71484375 Eff=0.9746 FrontLoss=0.0064 BackLoss=0.0005 Err=0.018451702824121674
 substrate   25/ 61       yA=1.9062499999999998 Eff=0.9765 FrontLoss=0.0020 BackLoss=0.0016 Err=0.01987189217828378
 middle      26/ 44       yA=0.7625 Eff=0.9748 FrontLoss=0.0061 BackLoss=0.0006 Err=0.018608908383652367
 substrate   26/ 61       yA=2.096875 Eff=0.9764 FrontLoss=0.0017 BackLoss=0.0020 Err=0.019978484266217178
 middle      27/ 44       yA=0.8101562499999999 Eff=0.9750 FrontLoss=0.0059 BackLoss=0.0006 Err=0.018567284431575293
 substrate   27/ 61       yA=2.2874999999999996 Eff=0.9761 FrontLoss=0.0014 BackLoss=0.0024 Err=0.02005359064557377
 middle      28/ 44       yA=0.8578124999999999 Eff=0.9751 FrontLoss=0.0055 BackLoss=0.0006 Err=0.018723055679736644
 substrate   28/ 61       yA=2.4781249999999995 Eff=0.9757 FrontLoss=0.0012 BackLoss=0.0030 Err=0.020111331465665905
 middle      29/ 44       yA=0.8816406249999998 Eff=0.9753 FrontLoss=0.0054 BackLoss=0.0006 Err=0.018692950022709764
 substrate   29/ 61       yA=2.6687499999999997 Eff=0.9752 FrontLoss=0.0010 BackLoss=0.0037 Err=0.020155977210151832
 middle      30/ 44       yA=0.9054687499999998 Eff=0.9757 FrontLoss=0.0053 BackLoss=0.0006 Err=0.018370380199520864
 substrate   30/ 61       yA=3.05 Eff=0.9734 FrontLoss=0.0007 BackLoss=0.0057 Err=0.020217860507808827
 middle      31/ 44       yA=0.9292968749999999 Eff=0.9763 FrontLoss=0.0052 BackLoss=0.0006 Err=0.017876627656591704
 substrate   31/ 61       yA=3.4312499999999995 Eff=0.9703 FrontLoss=0.0005 BackLoss=0.0089 Err=0.02026031441179299
 middle      32/ 44       yA=0.9531249999999999 Eff=0.9767 FrontLoss=0.0051 BackLoss=0.0007 Err=0.01755240151295201
 substrate   32/ 61       yA=3.8124999999999996 Eff=0.9653 FrontLoss=0.0003 BackLoss=0.0141 Err=0.020299004692589717
 middle      33/ 44       yA=0.9769531249999999 Eff=0.9768 FrontLoss=0.0049 BackLoss=0.0007 Err=0.01759981331842353
 substrate   33/ 61       yA=4.19375 Eff=0.9568 FrontLoss=0.0002 BackLoss=0.0227 Err=0.020348166648822108
 middle      34/ 44       yA=0.9888671874999999 Eff=0.9767 FrontLoss=0.0049 BackLoss=0.0007 Err=0.017724294313525624
 substrate   34/ 61       yA=4.574999999999999 Eff=0.9423 FrontLoss=0.0002 BackLoss=0.0371 Err=0.020414723621114295
 middle      35/ 44       yA=1.00078125 Eff=0.9767 FrontLoss=0.0048 BackLoss=0.0007 Err=0.017852617160553308
 substrate   35/ 61       yA=4.765624999999999 Eff=0.9315 FrontLoss=0.0001 BackLoss=0.0479 Err=0.020464360397323245
 middle      36/ 44       yA=1.0126953125 Eff=0.9766 FrontLoss=0.0048 BackLoss=0.0007 Err=0.017934084407951745
 substrate   36/ 61       yA=4.956249999999999 Eff=0.9171 FrontLoss=0.0001 BackLoss=0.0622 Err=0.02053569194083249
 middle      37/ 44       yA=1.01865234375 Eff=0.9766 FrontLoss=0.0047 BackLoss=0.0007 Err=0.017944538585499492
 substrate   37/ 61       yA=5.146875 Eff=0.8976 FrontLoss=0.0001 BackLoss=0.0817 Err=0.020631479193290114
 middle      38/ 44       yA=1.0246093749999998 Eff=0.9767 FrontLoss=0.0047 BackLoss=0.0007 Err=0.01793143924229268
 substrate   38/ 61       yA=5.3374999999999995 Eff=0.8706 FrontLoss=0.0001 BackLoss=0.1086 Err=0.02077183579695774
 middle      39/ 44       yA=1.0305664062499997 Eff=0.9767 FrontLoss=0.0047 BackLoss=0.0007 Err=0.017890333176165174
 substrate   39/ 61       yA=5.432812499999999 Eff=0.8532 FrontLoss=0.0001 BackLoss=0.1259 Err=0.020869115422754936
 middle      40/ 44       yA=1.0365234374999999 Eff=0.9768 FrontLoss=0.0047 BackLoss=0.0007 Err=0.01782226795696573
 substrate   40/ 61       yA=5.528124999999999 Eff=0.8322 FrontLoss=0.0001 BackLoss=0.1467 Err=0.020992469551548654
 middle      41/ 44       yA=1.04248046875 Eff=0.9769 FrontLoss=0.0046 BackLoss=0.0007 Err=0.01772834583466598
 substrate   41/ 61       yA=5.6234375 Eff=0.8068 FrontLoss=0.0001 BackLoss=0.1720 Err=0.02115484112905741
 middle      42/ 44       yA=1.045458984375 Eff=0.9770 FrontLoss=0.0046 BackLoss=0.0007 Err=0.017672111853238692
 substrate   42/ 61       yA=5.71875 Eff=0.7753 FrontLoss=0.0001 BackLoss=0.2032 Err=0.02137097592547066
 middle      43/ 44       yA=1.0484375 Eff=0.9771 FrontLoss=0.0046 BackLoss=0.0007 Err=0.017610092547135636
 substrate   43/ 61       yA=5.76640625 Eff=0.7567 FrontLoss=0.0001 BackLoss=0.2218 Err=0.021509578257480788
 middle      44/ 44       yA=1.05 Eff=0.9772 FrontLoss=0.0046 BackLoss=0.0007 Err=0.01750905438067263
.
.
* Writing Output from middle.  Total coupling efficiency: 0.9736
 substrate   44/ 61       yA=5.8140625 Eff=0.7356 FrontLoss=0.0000 BackLoss=0.2427 Err=0.02167775718706333
 substrate   45/ 61       yA=5.86171875 Eff=0.7114 FrontLoss=0.0000 BackLoss=0.2667 Err=0.02188774288115547
 substrate   46/ 61       yA=5.909375 Eff=0.6834 FrontLoss=0.0000 BackLoss=0.2944 Err=0.022158275373029834
 substrate   47/ 61       yA=5.933203125 Eff=0.6676 FrontLoss=0.0000 BackLoss=0.3101 Err=0.02232699805078464
 substrate   48/ 61       yA=5.95703125 Eff=0.6503 FrontLoss=0.0000 BackLoss=0.3272 Err=0.02252737582711295
 substrate   49/ 61       yA=5.980859375 Eff=0.6311 FrontLoss=0.0000 BackLoss=0.3460 Err=0.022771004430742092
 substrate   50/ 61       yA=6.004687499999999 Eff=0.6098 FrontLoss=0.0000 BackLoss=0.3671 Err=0.023075219349904863
 substrate   51/ 61       yA=6.028515624999999 Eff=0.5856 FrontLoss=0.0000 BackLoss=0.3909 Err=0.023467907981950975
 substrate   52/ 61       yA=6.0404296875 Eff=0.5722 FrontLoss=0.0000 BackLoss=0.4040 Err=0.023710510621388403
 substrate   53/ 61       yA=6.0523437499999995 Eff=0.5577 FrontLoss=0.0000 BackLoss=0.4182 Err=0.023993986164836167
 substrate   54/ 61       yA=6.064257812499999 Eff=0.5420 FrontLoss=0.0000 BackLoss=0.4337 Err=0.024328565569734506
 substrate   55/ 61       yA=6.07021484375 Eff=0.5335 FrontLoss=0.0000 BackLoss=0.4419 Err=0.02451897864415442
 substrate   56/ 61       yA=6.076171875 Eff=0.5247 FrontLoss=0.0000 BackLoss=0.4505 Err=0.024727427519752765
 substrate   57/ 61       yA=6.08212890625 Eff=0.5154 FrontLoss=0.0000 BackLoss=0.4596 Err=0.02495621855606056
 substrate   58/ 61       yA=6.0880859375 Eff=0.5056 FrontLoss=0.0000 BackLoss=0.4692 Err=0.025207972885677554
 substrate   59/ 61       yA=6.094042968749999 Eff=0.4953 FrontLoss=0.0000 BackLoss=0.4792 Err=0.025485709053002514
 substrate   60/ 61       yA=6.0970214843749995 Eff=0.4899 FrontLoss=0.0000 BackLoss=0.4845 Err=0.025635379702611538
 substrate   61/ 61       yA=6.1 Eff=-0.0000 FrontLoss=0.0000 BackLoss=0.4899 Err=0.510140495912727
.
.
* Writing Output from substrate.  Total coupling efficiency: 0.9274
4

***
*** LCMatrix Finshed at 2026-07-20 22:40:06.277580
*** Runtime:  0:25:22.489136
***
